// Jest Snapshot v1, https://goo.gl/fbAQLP

exports[`MembersTable MembersTable should work well 1`] = `
<body
  lang="en"
>
  <script />
  <div>
    <div
      class="member-table-manage"
    >
      <div
        class="top-button-group"
      >
        <div>
          <button
            class="ant-btn ant-btn-primary"
            type="button"
          >
            <span>
              add member
            </span>
          </button>
          <button
            class="ant-btn"
            type="button"
          >
            <span>
              invite
            </span>
          </button>
        </div>
      </div>
      <div
        class="ant-spin-nested-loading"
      >
        <div
          class="ant-spin-container"
        >
          <div
            class="member-table-manage-list"
          >
            <div
              class="mock-add-member-modal"
            />
            <div
              class="mock-form-modal"
              id="set the role of member null"
            />
            <div
              class="mock-batch-authorize-member-modal"
            />
            <div
              class="mock-authorize-member-modal"
            />
            <div
              class="members-list"
            >
              <div
                class="mock-erda-table"
              >
                <div
                  class="filter-group-bar flex justify-between items-center"
                >
                  <div
                    class="filter-group-left flex-1"
                  >
                    <input
                      class="ant-input"
                      name="query"
                      placeholder="search by nickname, username, email or mobile number"
                      style="width: 260px;"
                      type="text"
                      value=""
                    />
                    <div
                      class="ant-select ant-select-single ant-select-allow-clear ant-select-show-arrow"
                      name="queryRole"
                    >
                      <div
                        class="ant-select-selector"
                      >
                        <span
                          class="ant-select-selection-search"
                        >
                          <input
                            aria-activedescendant="rc_select_TEST_OR_SSR_list_0"
                            aria-autocomplete="list"
                            aria-controls="rc_select_TEST_OR_SSR_list"
                            aria-haspopup="listbox"
                            aria-owns="rc_select_TEST_OR_SSR_list"
                            autocomplete="off"
                            class="ant-select-selection-search-input"
                            id="rc_select_TEST_OR_SSR"
                            readonly=""
                            role="combobox"
                            style="opacity: 0;"
                            type="search"
                            unselectable="on"
                            value=""
                          />
                        </span>
                        <span
                          class="ant-select-selection-placeholder"
                        >
                          select role
                        </span>
                      </div>
                      <span
                        aria-hidden="true"
                        class="ant-select-arrow"
                        style="user-select: none;"
                        unselectable="on"
                      >
                        <span
                          aria-label="down"
                          class="anticon anticon-down ant-select-suffix"
                          role="img"
                        >
                          <svg
                            aria-hidden="true"
                            data-icon="down"
                            fill="currentColor"
                            focusable="false"
                            height="1em"
                            viewBox="64 64 896 896"
                            width="1em"
                          >
                            <path
                              d="M884 256h-75c-5.1 0-9.9 2.5-12.9 6.6L512 654.2 227.9 262.6c-3-4.1-7.8-6.6-12.9-6.6h-75c-6.5 0-10.3 7.4-6.5 12.7l352.6 486.1c12.8 17.6 39 17.6 51.7 0l352.6-486.1c3.9-5.3.1-12.7-6.4-12.7z"
                            />
                          </svg>
                        </span>
                      </span>
                    </div>
                    <div
                      class="ant-select ant-select-multiple ant-select-allow-clear ant-select-show-search"
                      name="label"
                    >
                      <div
                        class="ant-select-selector"
                      >
                        <div
                          class="ant-select-selection-overflow"
                        >
                          <div
                            class="ant-select-selection-overflow-item ant-select-selection-overflow-item-suffix"
                            style="opacity: 1;"
                          >
                            <div
                              class="ant-select-selection-search"
                              style="width: 0px;"
                            >
                              <input
                                aria-activedescendant="rc_select_TEST_OR_SSR_list_0"
                                aria-autocomplete="list"
                                aria-controls="rc_select_TEST_OR_SSR_list"
                                aria-haspopup="listbox"
                                aria-owns="rc_select_TEST_OR_SSR_list"
                                autocomplete="off"
                                class="ant-select-selection-search-input"
                                id="rc_select_TEST_OR_SSR"
                                readonly=""
                                role="combobox"
                                style="opacity: 0;"
                                type="search"
                                unselectable="on"
                                value=""
                              />
                              <span
                                aria-hidden="true"
                                class="ant-select-selection-search-mirror"
                              >
                                
                                Â 
                              </span>
                            </div>
                          </div>
                        </div>
                        <span
                          class="ant-select-selection-placeholder"
                        >
                          select member label
                        </span>
                      </div>
                    </div>
                  </div>
                  <div
                    class="filter-group-right ml-6"
                  />
                </div>
              </div>
            </div>
          </div>
        </div>
      </div>
    </div>
  </div>
</body>
`;
