// Jest Snapshot v1, https://goo.gl/fbAQLP

exports[`JsonShow Snapshot renders 1`] = `
<div>
  <span
    style={
      Object {
        "fontWeight": "bold",
        "verticalAlign": "middle",
      }
    }
  >
    JSON
  </span>
   
  <button
    aria-checked={false}
    checked={false}
    className="ant-switch"
    defaultChecked={false}
    onChange={[Function]}
    onClick={[Function]}
    onKeyDown={[Function]}
    onMouseUp={[Function]}
    role="switch"
    type="button"
  >
    <span
      className="ant-switch-inner"
    />
  </button>
  <div
    className="json-detail "
  >
    <button
      className="ant-btn json-detail-btn for-copy ant-btn-circle ant-btn-icon-only"
      onClick={[Function]}
      type="button"
    >
      <i
        className="anticon anticon-copy"
      >
        <svg
          aria-hidden="true"
          className=""
          data-icon="copy"
          fill="currentColor"
          height="1em"
          viewBox="64 64 896 896"
          width="1em"
        >
          <path
            d="M832 64H296c-4.4 0-8 3.6-8 8v56c0 4.4 3.6 8 8 8h496v688c0 4.4 3.6 8 8 8h56c4.4 0 8-3.6 8-8V96c0-17.7-14.3-32-32-32zM704 192H192c-17.7 0-32 14.3-32 32v530.7c0 8.5 3.4 16.6 9.4 22.6l173.3 173.3c2.2 2.2 4.7 4 7.4 5.5v1.9h4.2c3.5 1.3 7.2 2 11 2H704c17.7 0 32-14.3 32-32V224c0-17.7-14.3-32-32-32zM350 856.2L263.9 770H350v86.2zM664 888H414V746c0-22.1-17.9-40-40-40H232V264h432v624z"
          />
        </svg>
      </i>
    </button>
    <button
      className="ant-btn json-detail-btn ant-btn-circle ant-btn-icon-only"
      onClick={[Function]}
      type="button"
    >
      <i
        className="anticon anticon-close-circle-o"
      >
        <svg
          aria-hidden="true"
          className=""
          data-icon="close-circle"
          fill="currentColor"
          height="1em"
          viewBox="64 64 896 896"
          width="1em"
        >
          <path
            d="M685.4 354.8c0-4.4-3.6-8-8-8l-66 .3L512 465.6l-99.3-118.4-66.1-.3c-4.4 0-8 3.5-8 8 0 1.9.7 3.7 1.9 5.2l130.1 155L340.5 670a8.32 8.32 0 0 0-1.9 5.2c0 4.4 3.6 8 8 8l66.1-.3L512 564.4l99.3 118.4 66 .3c4.4 0 8-3.5 8-8 0-1.9-.7-3.7-1.9-5.2L553.5 515l130.1-155c1.2-1.4 1.8-3.3 1.8-5.2z"
          />
          <path
            d="M512 65C264.6 65 64 265.6 64 513s200.6 448 448 448 448-200.6 448-448S759.4 65 512 65zm0 820c-205.4 0-372-166.6-372-372s166.6-372 372-372 372 166.6 372 372-166.6 372-372 372z"
          />
        </svg>
      </i>
    </button>
    <pre>
      {
  "a": {
    "b": "hello"
  }
}
    </pre>
  </div>
</div>
`;
