// Jest Snapshot v1, https://goo.gl/fbAQLP

exports[`loading-skeleton LoadingSkeleton should render well 1`] = `
<Component>
  <div
    className="skeleton-header"
  >
    <div
      className="header-row"
    >
      <div
        className="skeleton-line skeleton-bg"
        style={
          Object {
            "width": "100px",
          }
        }
      />
    </div>
    <div
      className="header-row"
    >
      <div
        className="skeleton-line skeleton-bg"
        style={
          Object {
            "width": "200px",
          }
        }
      />
    </div>
  </div>
  <div
    className="main-holder"
  >
    <div
      id="enter-loading"
    />
  </div>
</Component>
`;
