// Jest Snapshot v1, https://goo.gl/fbAQLP

exports[`addon-settings AddonSettings should render well 1`] = `<div />`;
