// Jest Snapshot v1, https://goo.gl/fbAQLP

exports[`ContractiveFilter should work well with rangePicker with borderTime is false 1`] = `
<body>
  <script />
  <div>
    <div
      class="ant-message"
    >
      <div>
        <div
          class="ant-message-notice"
        >
          <div
            class="ant-message-notice-content"
          >
            <div
              class="ant-message-custom-content ant-message-error"
            >
              <span
                aria-label="close-circle"
                class="anticon anticon-close-circle"
                role="img"
              >
                <svg
                  aria-hidden="true"
                  data-icon="close-circle"
                  fill="currentColor"
                  focusable="false"
                  height="1em"
                  viewBox="64 64 896 896"
                  width="1em"
                >
                  <path
                    d="M512 64C264.6 64 64 264.6 64 512s200.6 448 448 448 448-200.6 448-448S759.4 64 512 64zm165.4 618.2l-66-.3L512 563.4l-99.3 118.4-66.1.3c-4.4 0-8-3.5-8-8 0-1.9.7-3.7 1.9-5.2l130.1-155L340.5 359a8.32 8.32 0 01-1.9-5.2c0-4.4 3.6-8 8-8l66.1.3L512 464.6l99.3-118.4 66-.3c4.4 0 8 3.5 8 8 0 1.9-.7 3.7-1.9 5.2L553.5 514l130 155c1.2 1.5 1.9 3.3 1.9 5.2 0 4.4-3.6 8-8 8z"
                  />
                </svg>
              </span>
              <span>
                wrong duration
              </span>
            </div>
          </div>
        </div>
      </div>
    </div>
  </div>
  <div>
    <div
      class="contractive-filter-bar "
    >
      <span
        class="contractive-filter-item-wrap "
      >
        <span
          class="ant-input-affix-wrapper ant-input-affix-wrapper-sm bg-black-06"
          style="width: 180px;"
        >
          <span
            class="ant-input-prefix"
          >
            <iconpark-icon
              color="currentColor"
              fill="rgba(48, 38, 71, 0.3)"
              name="search"
              size="16"
              stroke="currentColor"
            />
          </span>
          <input
            class="ant-input ant-input-sm"
            placeholder="filter by name"
            type="text"
            value=""
          />
          <span
            class="ant-input-suffix"
          >
            <span
              aria-label="close-circle"
              class="anticon anticon-close-circle ant-input-clear-icon-hidden ant-input-clear-icon"
              role="button"
              tabindex="-1"
            >
              <svg
                aria-hidden="true"
                data-icon="close-circle"
                fill="currentColor"
                focusable="false"
                height="1em"
                viewBox="64 64 896 896"
                width="1em"
              >
                <path
                  d="M512 64C264.6 64 64 264.6 64 512s200.6 448 448 448 448-200.6 448-448S759.4 64 512 64zm165.4 618.2l-66-.3L512 563.4l-99.3 118.4-66.1.3c-4.4 0-8-3.5-8-8 0-1.9.7-3.7 1.9-5.2l130.1-155L340.5 359a8.32 8.32 0 01-1.9-5.2c0-4.4 3.6-8 8-8l66.1.3L512 464.6l99.3-118.4 66-.3c4.4 0 8 3.5 8 8 0 1.9-.7 3.7-1.9 5.2L553.5 514l130 155c1.2 1.5 1.9 3.3 1.9 5.2 0 4.4-3.6 8-8 8z"
                />
              </svg>
            </span>
          </span>
        </span>
      </span>
      <span
        class="contractive-filter-item-wrap "
      >
        <span
          class="ant-dropdown-trigger contractive-filter-item "
        >
          <span
            class="text-desc mr-0.5 flex-all-center"
          >
            PLATFORM
            <iconpark-icon
              class="ml-1"
              color="currentColor"
              fill="currentColor"
              name="help"
              stroke="currentColor"
            />
          </span>
          <span
            class="contractive-filter-item-value nowrap"
          >
            All
          </span>
          <iconpark-icon
            class="hover"
            color="currentColor"
            fill="currentColor"
            name="caret-down"
            size="16"
            stroke="currentColor"
          />
        </span>
      </span>
      <span
        class="contractive-filter-item-wrap "
      >
        <span
          class="contractive-filter-item contractive-filter-date-picker"
        >
          <span
            class="text-desc mr-0.5 flex-all-center"
          >
            UPDATE_AT
          </span>
          <div
            class="ant-picker ant-picker-range ant-picker-small ant-picker-borderless filter-condition-item-updateAt"
          >
            <div
              class="ant-picker-input ant-picker-input-active"
            >
              <input
                autocomplete="off"
                placeholder="Start date"
                readonly=""
                size="12"
                value=""
              />
            </div>
            <div
              class="ant-picker-range-separator"
            >
              <span
                aria-label="to"
                class="ant-picker-separator"
              >
                <span
                  aria-label="swap-right"
                  class="anticon anticon-swap-right"
                  role="img"
                >
                  <svg
                    aria-hidden="true"
                    data-icon="swap-right"
                    fill="currentColor"
                    focusable="false"
                    height="1em"
                    viewBox="0 0 1024 1024"
                    width="1em"
                  >
                    <path
                      d="M873.1 596.2l-164-208A32 32 0 00684 376h-64.8c-6.7 0-10.4 7.7-6.3 13l144.3 183H152c-4.4 0-8 3.6-8 8v60c0 4.4 3.6 8 8 8h695.9c26.8 0 41.7-30.8 25.2-51.8z"
                    />
                  </svg>
                </span>
              </span>
            </div>
            <div
              class="ant-picker-input"
            >
              <input
                autocomplete="off"
                placeholder="End date"
                readonly=""
                size="12"
                value=""
              />
            </div>
            <div
              class="ant-picker-active-bar"
              style="left: 0px; width: 0px; position: absolute;"
            />
            <span
              class="ant-picker-suffix"
            >
              <span
                aria-label="calendar"
                class="anticon anticon-calendar"
                role="img"
              >
                <svg
                  aria-hidden="true"
                  data-icon="calendar"
                  fill="currentColor"
                  focusable="false"
                  height="1em"
                  viewBox="64 64 896 896"
                  width="1em"
                >
                  <path
                    d="M880 184H712v-64c0-4.4-3.6-8-8-8h-56c-4.4 0-8 3.6-8 8v64H384v-64c0-4.4-3.6-8-8-8h-56c-4.4 0-8 3.6-8 8v64H144c-17.7 0-32 14.3-32 32v664c0 17.7 14.3 32 32 32h736c17.7 0 32-14.3 32-32V216c0-17.7-14.3-32-32-32zm-40 656H184V460h656v380zM184 392V256h128v48c0 4.4 3.6 8 8 8h56c4.4 0 8-3.6 8-8v-48h256v48c0 4.4 3.6 8 8 8h56c4.4 0 8-3.6 8-8v-48h128v136H184z"
                  />
                </svg>
              </span>
            </span>
          </div>
        </span>
      </span>
      <span
        class="contractive-filter-item-wrap "
      >
        <span
          class="contractive-filter-item"
        >
          <span
            class="text-desc mr-0.5 flex-all-center"
          >
            TRIGGER_AT
          </span>
          <span
            class="ant-input-group ant-input-group-compact trace-duration flex items-center w-64"
          >
            <span
              class="ant-input-group-wrapper ant-input-group-wrapper-sm"
            >
              <span
                class="ant-input-wrapper ant-input-group"
              >
                <input
                  class="ant-input ant-input-sm"
                  type="text"
                  value=""
                />
                <span
                  class="ant-input-group-addon"
                >
                  <div
                    class="ant-select ant-select-sm ant-select-borderless ant-select-single ant-select-show-arrow"
                  >
                    <div
                      class="ant-select-selector"
                    >
                      <span
                        class="ant-select-selection-search"
                      >
                        <input
                          aria-activedescendant="rc_select_TEST_OR_SSR_list_0"
                          aria-autocomplete="list"
                          aria-controls="rc_select_TEST_OR_SSR_list"
                          aria-haspopup="listbox"
                          aria-owns="rc_select_TEST_OR_SSR_list"
                          autocomplete="off"
                          class="ant-select-selection-search-input"
                          id="rc_select_TEST_OR_SSR"
                          readonly=""
                          role="combobox"
                          style="opacity: 0;"
                          type="search"
                          unselectable="on"
                          value=""
                        />
                      </span>
                      <span
                        class="ant-select-selection-item"
                        title="ms"
                      >
                        ms
                      </span>
                    </div>
                    <span
                      aria-hidden="true"
                      class="ant-select-arrow"
                      style="user-select: none;"
                      unselectable="on"
                    >
                      <span
                        aria-label="down"
                        class="anticon anticon-down ant-select-suffix"
                        role="img"
                      >
                        <svg
                          aria-hidden="true"
                          data-icon="down"
                          fill="currentColor"
                          focusable="false"
                          height="1em"
                          viewBox="64 64 896 896"
                          width="1em"
                        >
                          <path
                            d="M884 256h-75c-5.1 0-9.9 2.5-12.9 6.6L512 654.2 227.9 262.6c-3-4.1-7.8-6.6-12.9-6.6h-75c-6.5 0-10.3 7.4-6.5 12.7l352.6 486.1c12.8 17.6 39 17.6 51.7 0l352.6-486.1c3.9-5.3.1-12.7-6.4-12.7z"
                          />
                        </svg>
                      </span>
                    </span>
                  </div>
                </span>
              </span>
            </span>
            <span
              class="mx-1"
            >
              ~
            </span>
            <span
              class="ant-input-group-wrapper ant-input-group-wrapper-sm"
            >
              <span
                class="ant-input-wrapper ant-input-group"
              >
                <input
                  class="ant-input ant-input-sm"
                  type="text"
                  value=""
                />
                <span
                  class="ant-input-group-addon"
                >
                  <div
                    class="ant-select ant-select-sm ant-select-borderless ant-select-single ant-select-show-arrow"
                  >
                    <div
                      class="ant-select-selector"
                    >
                      <span
                        class="ant-select-selection-search"
                      >
                        <input
                          aria-activedescendant="rc_select_TEST_OR_SSR_list_0"
                          aria-autocomplete="list"
                          aria-controls="rc_select_TEST_OR_SSR_list"
                          aria-haspopup="listbox"
                          aria-owns="rc_select_TEST_OR_SSR_list"
                          autocomplete="off"
                          class="ant-select-selection-search-input"
                          id="rc_select_TEST_OR_SSR"
                          readonly=""
                          role="combobox"
                          style="opacity: 0;"
                          type="search"
                          unselectable="on"
                          value=""
                        />
                      </span>
                      <span
                        class="ant-select-selection-item"
                        title="ms"
                      >
                        ms
                      </span>
                    </div>
                    <span
                      aria-hidden="true"
                      class="ant-select-arrow"
                      style="user-select: none;"
                      unselectable="on"
                    >
                      <span
                        aria-label="down"
                        class="anticon anticon-down ant-select-suffix"
                        role="img"
                      >
                        <svg
                          aria-hidden="true"
                          data-icon="down"
                          fill="currentColor"
                          focusable="false"
                          height="1em"
                          viewBox="64 64 896 896"
                          width="1em"
                        >
                          <path
                            d="M884 256h-75c-5.1 0-9.9 2.5-12.9 6.6L512 654.2 227.9 262.6c-3-4.1-7.8-6.6-12.9-6.6h-75c-6.5 0-10.3 7.4-6.5 12.7l352.6 486.1c12.8 17.6 39 17.6 51.7 0l352.6-486.1c3.9-5.3.1-12.7-6.4-12.7z"
                          />
                        </svg>
                      </span>
                    </span>
                  </div>
                </span>
              </span>
            </span>
          </span>
        </span>
      </span>
      <span
        class="contractive-filter-item-wrap "
      >
        <span
          class="contractive-filter-item"
        >
          <span
            class="text-desc mr-0.5 flex-all-center"
          >
            CREATOR
          </span>
          <div
            class="mock-member-selector"
          >
            <div>
              open DropDown
            </div>
            <div>
              close DropDown
            </div>
            <div>
              triggerChange
            </div>
            <span
              class="contractive-filter-item-value nowrap member-value"
            >
              member-erda,member-erda-ui
            </span>
          </div>
          <span>
            All
          </span>
          <iconpark-icon
            class="hover"
            color="currentColor"
            fill="currentColor"
            name="caret-down"
            size="16"
            stroke="currentColor"
          />
        </span>
      </span>
      <span
        class="contractive-filter-item-wrap "
      >
        <span
          class="contractive-filter-item flex items-center"
        >
          <span
            class="text-desc mr-0.5 flex-all-center"
          >
            creator
          </span>
          <input
            placeholder="filter by ip"
            type="text"
          />
        </span>
      </span>
      <span
        class="contractive-filter-item-wrap "
      />
      <span
        class="contractive-filter-item-wrap "
      >
        <span
          class="ant-dropdown-trigger contractive-filter-item more-conditions"
        >
          <iconpark-icon
            class="mr-0.5 color-text"
            color="rgba(0,0,0,0.8)"
            fill="currentColor"
            name="plus"
            stroke="currentColor"
          />
          <span>
            Filter
          </span>
          <iconpark-icon
            class="hover"
            color="currentColor"
            fill="currentColor"
            name="caret-down"
            size="16"
            stroke="currentColor"
          />
        </span>
      </span>
    </div>
  </div>
</body>
`;

exports[`ContractiveFilter should work well with rangePicker with borderTime is true 1`] = `
<body>
  <script />
  <div>
    <div
      class="ant-message"
    >
      <div>
        <div
          class="ant-message-notice"
        >
          <div
            class="ant-message-notice-content"
          >
            <div
              class="ant-message-custom-content ant-message-error"
            >
              <span
                aria-label="close-circle"
                class="anticon anticon-close-circle"
                role="img"
              >
                <svg
                  aria-hidden="true"
                  data-icon="close-circle"
                  fill="currentColor"
                  focusable="false"
                  height="1em"
                  viewBox="64 64 896 896"
                  width="1em"
                >
                  <path
                    d="M512 64C264.6 64 64 264.6 64 512s200.6 448 448 448 448-200.6 448-448S759.4 64 512 64zm165.4 618.2l-66-.3L512 563.4l-99.3 118.4-66.1.3c-4.4 0-8-3.5-8-8 0-1.9.7-3.7 1.9-5.2l130.1-155L340.5 359a8.32 8.32 0 01-1.9-5.2c0-4.4 3.6-8 8-8l66.1.3L512 464.6l99.3-118.4 66-.3c4.4 0 8 3.5 8 8 0 1.9-.7 3.7-1.9 5.2L553.5 514l130 155c1.2 1.5 1.9 3.3 1.9 5.2 0 4.4-3.6 8-8 8z"
                  />
                </svg>
              </span>
              <span>
                wrong duration
              </span>
            </div>
          </div>
        </div>
      </div>
    </div>
  </div>
  <div>
    <div
      class="contractive-filter-bar "
    >
      <span
        class="contractive-filter-item-wrap "
      >
        <span
          class="ant-input-affix-wrapper ant-input-affix-wrapper-sm bg-black-06"
          style="width: 180px;"
        >
          <span
            class="ant-input-prefix"
          >
            <iconpark-icon
              color="currentColor"
              fill="rgba(48, 38, 71, 0.3)"
              name="search"
              size="16"
              stroke="currentColor"
            />
          </span>
          <input
            class="ant-input ant-input-sm"
            placeholder="filter by name"
            type="text"
            value=""
          />
          <span
            class="ant-input-suffix"
          >
            <span
              aria-label="close-circle"
              class="anticon anticon-close-circle ant-input-clear-icon-hidden ant-input-clear-icon"
              role="button"
              tabindex="-1"
            >
              <svg
                aria-hidden="true"
                data-icon="close-circle"
                fill="currentColor"
                focusable="false"
                height="1em"
                viewBox="64 64 896 896"
                width="1em"
              >
                <path
                  d="M512 64C264.6 64 64 264.6 64 512s200.6 448 448 448 448-200.6 448-448S759.4 64 512 64zm165.4 618.2l-66-.3L512 563.4l-99.3 118.4-66.1.3c-4.4 0-8-3.5-8-8 0-1.9.7-3.7 1.9-5.2l130.1-155L340.5 359a8.32 8.32 0 01-1.9-5.2c0-4.4 3.6-8 8-8l66.1.3L512 464.6l99.3-118.4 66-.3c4.4 0 8 3.5 8 8 0 1.9-.7 3.7-1.9 5.2L553.5 514l130 155c1.2 1.5 1.9 3.3 1.9 5.2 0 4.4-3.6 8-8 8z"
                />
              </svg>
            </span>
          </span>
        </span>
      </span>
      <span
        class="contractive-filter-item-wrap "
      >
        <span
          class="ant-dropdown-trigger contractive-filter-item "
        >
          <span
            class="text-desc mr-0.5 flex-all-center"
          >
            PLATFORM
            <iconpark-icon
              class="ml-1"
              color="currentColor"
              fill="currentColor"
              name="help"
              stroke="currentColor"
            />
          </span>
          <span
            class="contractive-filter-item-value nowrap"
          >
            All
          </span>
          <iconpark-icon
            class="hover"
            color="currentColor"
            fill="currentColor"
            name="caret-down"
            size="16"
            stroke="currentColor"
          />
        </span>
      </span>
      <span
        class="contractive-filter-item-wrap "
      >
        <span
          class="contractive-filter-item contractive-filter-date-picker"
        >
          <span
            class="text-desc mr-0.5 flex-all-center"
          >
            UPDATE_AT
          </span>
          <div
            class="ant-picker ant-picker-range ant-picker-small ant-picker-borderless filter-condition-item-updateAt"
          >
            <div
              class="ant-picker-input ant-picker-input-active"
            >
              <input
                autocomplete="off"
                placeholder="Start date"
                readonly=""
                size="12"
                value=""
              />
            </div>
            <div
              class="ant-picker-range-separator"
            >
              <span
                aria-label="to"
                class="ant-picker-separator"
              >
                <span
                  aria-label="swap-right"
                  class="anticon anticon-swap-right"
                  role="img"
                >
                  <svg
                    aria-hidden="true"
                    data-icon="swap-right"
                    fill="currentColor"
                    focusable="false"
                    height="1em"
                    viewBox="0 0 1024 1024"
                    width="1em"
                  >
                    <path
                      d="M873.1 596.2l-164-208A32 32 0 00684 376h-64.8c-6.7 0-10.4 7.7-6.3 13l144.3 183H152c-4.4 0-8 3.6-8 8v60c0 4.4 3.6 8 8 8h695.9c26.8 0 41.7-30.8 25.2-51.8z"
                    />
                  </svg>
                </span>
              </span>
            </div>
            <div
              class="ant-picker-input"
            >
              <input
                autocomplete="off"
                placeholder="End date"
                readonly=""
                size="12"
                value=""
              />
            </div>
            <div
              class="ant-picker-active-bar"
              style="left: 0px; width: 0px; position: absolute;"
            />
            <span
              class="ant-picker-suffix"
            >
              <span
                aria-label="calendar"
                class="anticon anticon-calendar"
                role="img"
              >
                <svg
                  aria-hidden="true"
                  data-icon="calendar"
                  fill="currentColor"
                  focusable="false"
                  height="1em"
                  viewBox="64 64 896 896"
                  width="1em"
                >
                  <path
                    d="M880 184H712v-64c0-4.4-3.6-8-8-8h-56c-4.4 0-8 3.6-8 8v64H384v-64c0-4.4-3.6-8-8-8h-56c-4.4 0-8 3.6-8 8v64H144c-17.7 0-32 14.3-32 32v664c0 17.7 14.3 32 32 32h736c17.7 0 32-14.3 32-32V216c0-17.7-14.3-32-32-32zm-40 656H184V460h656v380zM184 392V256h128v48c0 4.4 3.6 8 8 8h56c4.4 0 8-3.6 8-8v-48h256v48c0 4.4 3.6 8 8 8h56c4.4 0 8-3.6 8-8v-48h128v136H184z"
                  />
                </svg>
              </span>
            </span>
          </div>
        </span>
      </span>
      <span
        class="contractive-filter-item-wrap "
      >
        <span
          class="contractive-filter-item"
        >
          <span
            class="text-desc mr-0.5 flex-all-center"
          >
            TRIGGER_AT
          </span>
          <span
            class="ant-input-group ant-input-group-compact trace-duration flex items-center w-64"
          >
            <span
              class="ant-input-group-wrapper ant-input-group-wrapper-sm"
            >
              <span
                class="ant-input-wrapper ant-input-group"
              >
                <input
                  class="ant-input ant-input-sm"
                  type="text"
                  value=""
                />
                <span
                  class="ant-input-group-addon"
                >
                  <div
                    class="ant-select ant-select-sm ant-select-borderless ant-select-single ant-select-show-arrow"
                  >
                    <div
                      class="ant-select-selector"
                    >
                      <span
                        class="ant-select-selection-search"
                      >
                        <input
                          aria-activedescendant="rc_select_TEST_OR_SSR_list_0"
                          aria-autocomplete="list"
                          aria-controls="rc_select_TEST_OR_SSR_list"
                          aria-haspopup="listbox"
                          aria-owns="rc_select_TEST_OR_SSR_list"
                          autocomplete="off"
                          class="ant-select-selection-search-input"
                          id="rc_select_TEST_OR_SSR"
                          readonly=""
                          role="combobox"
                          style="opacity: 0;"
                          type="search"
                          unselectable="on"
                          value=""
                        />
                      </span>
                      <span
                        class="ant-select-selection-item"
                        title="ms"
                      >
                        ms
                      </span>
                    </div>
                    <span
                      aria-hidden="true"
                      class="ant-select-arrow"
                      style="user-select: none;"
                      unselectable="on"
                    >
                      <span
                        aria-label="down"
                        class="anticon anticon-down ant-select-suffix"
                        role="img"
                      >
                        <svg
                          aria-hidden="true"
                          data-icon="down"
                          fill="currentColor"
                          focusable="false"
                          height="1em"
                          viewBox="64 64 896 896"
                          width="1em"
                        >
                          <path
                            d="M884 256h-75c-5.1 0-9.9 2.5-12.9 6.6L512 654.2 227.9 262.6c-3-4.1-7.8-6.6-12.9-6.6h-75c-6.5 0-10.3 7.4-6.5 12.7l352.6 486.1c12.8 17.6 39 17.6 51.7 0l352.6-486.1c3.9-5.3.1-12.7-6.4-12.7z"
                          />
                        </svg>
                      </span>
                    </span>
                  </div>
                </span>
              </span>
            </span>
            <span
              class="mx-1"
            >
              ~
            </span>
            <span
              class="ant-input-group-wrapper ant-input-group-wrapper-sm"
            >
              <span
                class="ant-input-wrapper ant-input-group"
              >
                <input
                  class="ant-input ant-input-sm"
                  type="text"
                  value=""
                />
                <span
                  class="ant-input-group-addon"
                >
                  <div
                    class="ant-select ant-select-sm ant-select-borderless ant-select-single ant-select-show-arrow"
                  >
                    <div
                      class="ant-select-selector"
                    >
                      <span
                        class="ant-select-selection-search"
                      >
                        <input
                          aria-activedescendant="rc_select_TEST_OR_SSR_list_0"
                          aria-autocomplete="list"
                          aria-controls="rc_select_TEST_OR_SSR_list"
                          aria-haspopup="listbox"
                          aria-owns="rc_select_TEST_OR_SSR_list"
                          autocomplete="off"
                          class="ant-select-selection-search-input"
                          id="rc_select_TEST_OR_SSR"
                          readonly=""
                          role="combobox"
                          style="opacity: 0;"
                          type="search"
                          unselectable="on"
                          value=""
                        />
                      </span>
                      <span
                        class="ant-select-selection-item"
                        title="ms"
                      >
                        ms
                      </span>
                    </div>
                    <span
                      aria-hidden="true"
                      class="ant-select-arrow"
                      style="user-select: none;"
                      unselectable="on"
                    >
                      <span
                        aria-label="down"
                        class="anticon anticon-down ant-select-suffix"
                        role="img"
                      >
                        <svg
                          aria-hidden="true"
                          data-icon="down"
                          fill="currentColor"
                          focusable="false"
                          height="1em"
                          viewBox="64 64 896 896"
                          width="1em"
                        >
                          <path
                            d="M884 256h-75c-5.1 0-9.9 2.5-12.9 6.6L512 654.2 227.9 262.6c-3-4.1-7.8-6.6-12.9-6.6h-75c-6.5 0-10.3 7.4-6.5 12.7l352.6 486.1c12.8 17.6 39 17.6 51.7 0l352.6-486.1c3.9-5.3.1-12.7-6.4-12.7z"
                          />
                        </svg>
                      </span>
                    </span>
                  </div>
                </span>
              </span>
            </span>
          </span>
        </span>
      </span>
      <span
        class="contractive-filter-item-wrap "
      >
        <span
          class="contractive-filter-item"
        >
          <span
            class="text-desc mr-0.5 flex-all-center"
          >
            CREATOR
          </span>
          <div
            class="mock-member-selector"
          >
            <div>
              open DropDown
            </div>
            <div>
              close DropDown
            </div>
            <div>
              triggerChange
            </div>
            <span
              class="contractive-filter-item-value nowrap member-value"
            >
              member-erda,member-erda-ui
            </span>
          </div>
          <span>
            All
          </span>
          <iconpark-icon
            class="hover"
            color="currentColor"
            fill="currentColor"
            name="caret-down"
            size="16"
            stroke="currentColor"
          />
        </span>
      </span>
      <span
        class="contractive-filter-item-wrap "
      >
        <span
          class="contractive-filter-item flex items-center"
        >
          <span
            class="text-desc mr-0.5 flex-all-center"
          >
            creator
          </span>
          <input
            placeholder="filter by ip"
            type="text"
          />
        </span>
      </span>
      <span
        class="contractive-filter-item-wrap "
      />
      <span
        class="contractive-filter-item-wrap "
      >
        <span
          class="ant-dropdown-trigger contractive-filter-item more-conditions"
        >
          <iconpark-icon
            class="mr-0.5 color-text"
            color="rgba(0,0,0,0.8)"
            fill="currentColor"
            name="plus"
            stroke="currentColor"
          />
          <span>
            Filter
          </span>
          <iconpark-icon
            class="hover"
            color="currentColor"
            fill="currentColor"
            name="caret-down"
            size="16"
            stroke="currentColor"
          />
        </span>
      </span>
    </div>
  </div>
</body>
`;
